// Jest Snapshot v1, https://goo.gl/fbAQLP

exports[`ReorderableListItem should match snapshot 1`] = `
.c5 {
  line-height: 1.15;
  -ms-text-size-adjust: 100%;
  -webkit-text-size-adjust: 100%;
  margin: 0;
  overflow: visible;
  text-transform: none;
  -webkit-appearance: button;
  margin: 0;
  padding: 0;
  border: 0;
  box-sizing: border-box;
  font: 100% inherit;
  line-height: 1;
  text-align: left;
  text-decoration: none;
  vertical-align: baseline;
  color: inherit;
  background: none;
  cursor: inherit;
  display: inline-block;
  max-width: 100%;
  cursor: pointer;
}

.c5:-moz-focusring {
  outline: 1px dotted ButtonText;
}

.c5::-moz-focus-inner {
  border-style: none;
  padding: 0;
}

.c5::-webkit-file-upload-button {
  -webkit-appearance: button;
  font: inherit;
}

.c5::-webkit-inner-spin-button {
  height: auto;
}

.c5::-webkit-outer-spin-button {
  height: auto;
}

.c5 ::before,
.c5 ::after {
  box-sizing: border-box;
}

.c2 {
  line-height: 1.15;
  -ms-text-size-adjust: 100%;
  -webkit-text-size-adjust: 100%;
  margin: 0;
  padding: 0;
  border: 0;
  box-sizing: border-box;
  font: 100% inherit;
  line-height: 1;
  text-align: left;
  text-decoration: none;
  vertical-align: baseline;
  color: inherit;
  background: none;
  cursor: inherit;
  display: block;
  max-width: 100%;
  word-wrap: normal;
  word-break: normal;
  white-space: normal;
}

.c2 ::before,
.c2 ::after {
  box-sizing: border-box;
}

.c0 {
  line-height: 1.15;
  -ms-text-size-adjust: 100%;
  -webkit-text-size-adjust: 100%;
  margin: 0;
  padding: 0;
  border: 0;
  box-sizing: border-box;
  font: 100% inherit;
  line-height: 1;
  text-align: left;
  text-decoration: none;
  vertical-align: baseline;
  color: inherit;
  background: none;
  cursor: inherit;
  display: block;
  max-width: 100%;
  word-wrap: normal;
  word-break: normal;
  white-space: normal;
}

.c0 ::before,
.c0 ::after {
  box-sizing: border-box;
}

.c8 {
  line-height: 1.15;
  -ms-text-size-adjust: 100%;
  -webkit-text-size-adjust: 100%;
  margin: 0;
  padding: 0;
  border: 0;
  box-sizing: border-box;
  font: 100% inherit;
  line-height: 1;
  text-align: left;
  text-decoration: none;
  vertical-align: baseline;
  color: inherit;
  background: none;
  cursor: inherit;
  display: list-item;
}

.c8 ::before,
.c8 ::after {
  box-sizing: border-box;
}

.c3 {
  line-height: 1.15;
  -ms-text-size-adjust: 100%;
  -webkit-text-size-adjust: 100%;
  margin: 0;
  padding: 0;
  border: 0;
  box-sizing: border-box;
  font: 100% inherit;
  line-height: 1;
  text-align: left;
  text-decoration: none;
  vertical-align: baseline;
  color: inherit;
  background: none;
  cursor: inherit;
  display: inline;
  max-width: 100%;
  word-wrap: normal;
  word-break: normal;
  white-space: normal;
}

.c3 ::before,
.c3 ::after {
  box-sizing: border-box;
}

.c7 {
  line-height: 1.15;
  -ms-text-size-adjust: 100%;
  -webkit-text-size-adjust: 100%;
  margin: 0;
  padding: 0;
  border: 0;
  box-sizing: border-box;
  font: 100% inherit;
  line-height: 1;
  text-align: left;
  text-decoration: none;
  vertical-align: baseline;
  color: inherit;
  background: none;
  cursor: inherit;
  display: block;
  list-style-type: decimal;
  margin-top: 1em;
  margin-bottom: 1em;
  margin-left: 0;
  margin-right: 0;
  padding-left: 40px;
}

.c7 ::before,
.c7 ::after {
  box-sizing: border-box;
}

.c4 {
  position: absolute;
  clip: rect(0 0 0 0);
  height: 1px;
  width: 1px;
  margin: -1px;
  padding: 0;
  border: 0;
  overflow: hidden;
}

.c6 {
  color: hsl(0, 0%, 13%);
  letter-spacing: 0;
  text-decoration: none;
  word-break: break-word;
  overflow-wrap: break-word;
  -webkit-font-smoothing: antialiased;
  font-family: 'Source Sans 3','Helvetica Neue','Arial',sans-serif;
  font-size: 16px;
  line-height: 1.5;
  font-weight: 600;
  font-size: 14px;
  line-height: 20px;
  padding: 9px 20px;
  min-height: 40px;
  color: hsl(0, 0%, 100%);
  background: linear-gradient(0deg, hsl(212, 63%, 37%) 0%, hsl(212, 63%, 45%) 100%);
  border-radius: 2px;
  text-align: center;
  text-shadow: 0 1px 1px hsla(214, 100%, 24%, 0.5);
  cursor: pointer;
  border: 1px solid transparent;
}

.c6:focus {
  position: relative;
  outline: 3px solid transparent;
}

.c6:focus::after {
  content: '';
  position: absolute;
  pointer-events: none;
  top: -2px;
  right: -2px;
  bottom: -2px;
  left: -2px;
  border-radius: 2px;
  background-color: transparent;
  border: 0px solid hsl(0, 0%, 100%);
  box-sizing: border-box;
  box-shadow: 0 0 0 2px hsl(196, 77%, 44%);
  z-index: 9999;
}

.c6:hover {
  background: linear-gradient(0deg, hsl(212, 63%, 45%) 0%, hsl(212, 63%, 49%) 100%);
  outline: 2px solid transparent;
}

.c6:active {
  background: hsl(212, 63%, 37%);
}

.c6.fi-button--disabled,
.c6[disabled],
.c6:disabled {
  text-shadow: 0 1px 1px rgba(33,33,33,0.5);
  background: linear-gradient(0deg, hsl(202, 7%, 67%) 0%, hsl(202, 7%, 80%) 100%);
  user-select: none;
  cursor: not-allowed;
}

.c6.fi-button--disabled:not([aria-disabled='true'])::after {
  border: none;
  box-shadow: none;
}

.c6.fi-button--fullwidth {
  display: block;
  width: 100%;
}

.c6.fi-button--inverted {
  background: none;
  background-color: hsl(212, 63%, 45%);
  border: 1px solid hsl(0, 0%, 100%);
  text-shadow: none;
}

.c6.fi-button--inverted:hover {
  background: linear-gradient(-180deg, hsla(0, 0%, 100%, 0.1) 0%, hsla(0, 0%, 100%, 0) 100%);
}

.c6.fi-button--inverted:active {
  background: none;
  background-color: hsl(212, 63%, 45%);
}

.c6.fi-button--inverted.fi-button--disabled,
.c6.fi-button--inverted[disabled],
.c6.fi-button--inverted:disabled {
  opacity: 0.41;
  background: none;
  background-color: none;
}

.c6.fi-button--secondary {
  color: hsl(212, 63%, 45%);
  background: none;
  background-color: hsl(0, 0%, 100%);
  border: 1px solid hsl(212, 63%, 45%);
  text-shadow: none;
}

.c6.fi-button--secondary:hover {
  background: linear-gradient(-180deg, hsl(202, 7%, 93%) 0%, hsla(0, 0%, 100%, 0) 100%);
}

.c6.fi-button--secondary:active {
  background: none;
  background-color: hsl(202, 7%, 93%);
}

.c6.fi-button--secondary.fi-button--disabled,
.c6.fi-button--secondary[disabled],
.c6.fi-button--secondary:disabled {
  color: hsl(202, 7%, 67%);
  text-shadow: none;
  background: none;
  background-color: hsl(212, 63%, 98%);
  border-color: hsl(202, 7%, 67%);
}

.c6.fi-button--secondary .fi-button_loading-icon .fi-icon-component-brand-fill {
  fill: hsl(202, 7%, 67%);
}

.c6.fi-button--secondary-noborder {
  color: hsl(212, 63%, 45%);
  background: none;
  background-color: hsl(0, 0%, 100%);
  border: 1px solid hsl(212, 63%, 45%);
  text-shadow: none;
  border: none;
  padding: 10px 20px;
  background-color: transparent;
}

.c6.fi-button--secondary-noborder:hover {
  background: linear-gradient(-180deg, hsl(202, 7%, 93%) 0%, hsla(0, 0%, 100%, 0) 100%);
}

.c6.fi-button--secondary-noborder:active {
  background: none;
  background-color: hsl(202, 7%, 93%);
}

.c6.fi-button--secondary-noborder.fi-button--disabled,
.c6.fi-button--secondary-noborder[disabled],
.c6.fi-button--secondary-noborder:disabled {
  color: hsl(202, 7%, 67%);
  text-shadow: none;
  background: none;
  background-color: hsl(212, 63%, 98%);
  border-color: hsl(202, 7%, 67%);
}

.c6.fi-button--secondary-noborder .fi-button_loading-icon .fi-icon-component-brand-fill {
  fill: hsl(202, 7%, 67%);
}

.c6.fi-button--secondary-noborder.fi-button--icon-only {
  padding: 6px 12px;
}

.c6.fi-button--secondary-noborder .fi-button_loading-icon .fi-icon-component-brand-fill {
  fill: hsl(202, 7%, 67%);
}

.c6.fi-button--secondary-light {
  color: hsl(212, 63%, 45%);
  color: hsl(212, 63%, 45%);
  background: none;
  background-color: hsl(0, 0%, 100%);
  border: 1px solid hsl(212, 63%, 45%);
  text-shadow: none;
  background: linear-gradient(0deg, hsl(215, 100%, 95%), hsl(215, 100%, 97%));
  padding: 10px 20px;
  border: none;
}

.c6.fi-button--secondary-light:hover {
  background: linear-gradient(-180deg, hsl(202, 7%, 93%) 0%, hsla(0, 0%, 100%, 0) 100%);
}

.c6.fi-button--secondary-light:active {
  background: none;
  background-color: hsl(202, 7%, 93%);
}

.c6.fi-button--secondary-light.fi-button--disabled,
.c6.fi-button--secondary-light[disabled],
.c6.fi-button--secondary-light:disabled {
  color: hsl(202, 7%, 67%);
  text-shadow: none;
  background: none;
  background-color: hsl(212, 63%, 98%);
  border-color: hsl(202, 7%, 67%);
}

.c6.fi-button--secondary-light .fi-button_loading-icon .fi-icon-component-brand-fill {
  fill: hsl(202, 7%, 67%);
}

.c6.fi-button--secondary-light.fi-button--icon-only {
  padding: 6px 12px;
}

.c6.fi-button--secondary-light:hover {
  background: linear-gradient(0deg, hsl(215, 100%, 97%), hsl(212, 63%, 98%));
}

.c6.fi-button--secondary-light:active {
  background: linear-gradient(0deg, hsl(202, 7%, 93%), hsl(202, 7%, 97%));
}

.c6.fi-button--secondary-light.fi-button--disabled,
.c6.fi-button--secondary-light[disabled],
.c6.fi-button--secondary-light:disabled {
  color: hsl(202, 7%, 67%);
  background: none;
  background-color: hsl(202, 7%, 97%);
}

.c6.fi-button--secondary-light .fi-button_loading-icon .fi-icon-component-brand-fill {
  fill: hsl(202, 7%, 67%);
}

.c6>.fi-button_icon>.fi-icon {
  width: 16px;
  height: 16px;
  margin-right: 8px;
  vertical-align: middle;
  transform: translateY(-0.1em);
}

.c6>.fi-button_icon--right>.fi-icon {
  margin-right: 0;
  margin-left: 8px;
}

.c6.fi-button--icon-only {
  padding: 6px 11px;
}

.c6.fi-button--icon-only>.fi-button_icon>.fi-icon {
  margin-right: 0;
}

.c6.fi-button--icon-only>.fi-button_icon--right>.fi-icon {
  margin-left: 0;
}

.c6.fi-button--disabled>.fi-button_icon {
  cursor: not-allowed;
}

.c6 .fi-button_loading-icon {
  display: inline-block;
  width: 20px;
  height: 20px;
  margin-right: 8px;
  animation: rotation 1.5s infinite linear;
}

.c6 .fi-button_loading-icon .fi-icon-component-brand-fill {
  fill: hsl(0, 0%, 100%);
}

.c6.fi-button--loading {
  display: flex;
  align-items: center;
}

.c6.fi-button--loading-icon-only .fi-button_loading-icon {
  margin-right: 0;
}

.c1 {
  color: hsl(0, 0%, 13%);
  letter-spacing: 0;
  text-decoration: none;
  word-break: break-word;
  overflow-wrap: break-word;
  -webkit-font-smoothing: antialiased;
  font-family: 'Source Sans 3','Helvetica Neue','Arial',sans-serif;
  font-size: 18px;
  line-height: 1.5;
  font-weight: 400;
  width: 100%;
}

.c1.fi-reorderable-list .fi-reorderable-list_button-row {
  display: flex;
  flex-wrap: wrap;
  gap: 15px;
  margin-bottom: 15px;
}

.c1.fi-reorderable-list .fi-reorderable-list_instruction {
  margin-bottom: 20px;
}

.c1.fi-reorderable-list .fi-reorderable-list_list .fi-reorderable-list_list-element {
  list-style: none;
  margin: 0;
  padding: 0;
}

.c1.fi-reorderable-list.fi-reorderable-list--small-screen .fi-reorderable-list_button-row {
  flex-direction: column;
}

.c1.fi-reorderable-list.fi-reorderable-list--small-screen .fi-reorderable-list_button-row .fi-button {
  width: 100%;
}

.c9 {
  color: hsl(0, 0%, 13%);
  letter-spacing: 0;
  text-decoration: none;
  word-break: break-word;
  overflow-wrap: break-word;
  -webkit-font-smoothing: antialiased;
  font-family: 'Source Sans 3','Helvetica Neue','Arial',sans-serif;
  font-size: 18px;
  line-height: 1.5;
  font-weight: 400;
  list-style: none;
  margin: 0;
  padding: 0;
  outline: none;
  margin-bottom: 10px;
  transition: transform 0.2s ease;
}

.c9:last-child {
  margin-bottom: 0;
}

.c9 .fi-reorderable-list-item_inner {
  background-color: hsl(212, 63%, 98%);
  border: 1px solid hsl(202, 7%, 80%);
  border-radius: 2px;
  display: flex;
  align-items: stretch;
  position: relative;
  transition: box-shadow 0.2s ease,transform 0.2s ease,border-color 0.2s ease;
}

.c9 .fi-reorderable-list-item_drag-handle {
  align-items: center;
  align-self: stretch;
  border-right: 1px solid hsl(202, 7%, 80%);
  display: flex;
  background-color: hsl(202, 7%, 93%);
  flex: 0 0 30px;
  justify-content: center;
  pointer-events: none;
  padding: 0 5px;
}

.c9 .fi-reorderable-list-item_drag-handle .fi-reorderable-list-item_drag-handle-icon {
  width: 16px;
  height: 16px;
  margin-left: -6px;
}

.c9 .fi-reorderable-list-item_drag-handle .fi-reorderable-list-item_drag-handle-icon:first-child {
  margin-left: 0;
}

.c9 .fi-reorderable-list-item_drag-handle .fi-reorderable-list-item_drag-handle-icon .fi-icon-base-fill {
  fill: hsl(202, 7%, 40%);
}

.c9 .fi-reorderable-list-item_content-wrapper {
  display: flex;
  flex: 1;
  min-width: 0;
}

.c9 .fi-reorderable-list-item_content {
  flex: 1;
  min-width: 0;
  padding: 20px;
}

.c9 .fi-reorderable-list-item_buttons {
  display: flex;
  gap: 5px;
  flex-shrink: 0;
  justify-content: flex-end;
  padding: 0 15px;
}

.c9 .fi-reorderable-list-item_buttons.fi-reorderable-list-item_buttons--top {
  justify-content: flex-start;
  margin: 0 20px;
  padding: 20px 0;
}

.c9.fi-reorderable-list-item--edit-mode .fi-reorderable-list-item_inner {
  box-shadow: 0 1px 2px 0 hsla(0, 0%, 13%, 0.14),0 1px 5px 0 hsla(0, 0%, 13%, 0.12);
  cursor: grab;
}

.c9.fi-reorderable-list-item--edit-mode:focus .fi-reorderable-list-item_inner {
  border-color: hsl(202, 7%, 80%);
}

.c9.fi-reorderable-list-item--edit-mode:focus .fi-reorderable-list-item_inner:after {
  content: '';
  position: absolute;
  pointer-events: none;
  top: -2px;
  right: -2px;
  bottom: -2px;
  left: -2px;
  border-radius: 2px;
  background-color: transparent;
  border: 0px solid hsl(0, 0%, 100%);
  box-sizing: border-box;
  box-shadow: 0 0 0 2px hsl(196, 77%, 44%);
  z-index: 9999;
  outline: 3px solid transparent;
}

.c9.fi-reorderable-list-item--edit-mode.fi-reorderable-list-item--buttons-top .fi-reorderable-list-item_content-wrapper {
  flex-direction: column;
}

.c9.fi-reorderable-list-item--edit-mode.fi-reorderable-list-item--buttons-top .fi-reorderable-list-item_buttons {
  border-bottom: 1px solid hsl(202, 7%, 80%);
}

.c9.fi-reorderable-list-item--edit-mode.fi-reorderable-list-item--buttons-inline .fi-reorderable-list-item_content-wrapper {
  flex-direction: row;
}

.c9.fi-reorderable-list-item--edit-mode.fi-reorderable-list-item--buttons-inline .fi-reorderable-list-item_content {
  padding: 15px;
}

.c9.fi-reorderable-list-item--edit-mode.fi-reorderable-list-item--buttons-inline .fi-reorderable-list-item_buttons {
  border-left: 1px solid hsl(202, 7%, 80%);
  align-items: center;
  justify-content: center;
  margin: 15px 0;
}

.c9.fi-reorderable-list-item--dragging .fi-reorderable-list-item_inner {
  opacity: 0.5;
  box-shadow: 0px 4px 8px 0px hsla(0, 0%, 13%, 0.14);
  transform: rotate(-2deg);
}

.c9.fi-reorderable-list-item--drag-over .fi-reorderable-list-item_inner {
  border-color: hsl(212, 63%, 45%);
  border-style: dashed;
  border-width: 2px;
  background-color: hsl(216, 100%, 96%);
}

.c9.fi-reorderable-list-item--small-screen {
  margin-bottom: 15px;
}

.c9.fi-reorderable-list-item--small-screen .fi-reorderable-list-item_content {
  padding: 15px;
}

.c9.fi-reorderable-list-item--small-screen.fi-reorderable-list-item--edit-mode .fi-reorderable-list-item_content-wrapper {
  flex-direction: column;
}

.c9.fi-reorderable-list-item--small-screen.fi-reorderable-list-item--edit-mode .fi-reorderable-list-item_buttons {
  border-bottom: 1px solid hsl(202, 7%, 80%);
  border-left: none;
  justify-content: flex-start;
  margin: 0 15px;
}

@media (prefers-reduced-motion) {
  .c6.fi-loadingSpinner.fi-loadingSpinner--loading .fi-loadingSpinner_icon {
    animation: rotation 10s infinite linear;
  }
}

@media (prefers-reduced-motion: reduce) {
  .c9 {
    transition: none;
  }
}

@media (prefers-reduced-motion: reduce) {
  .c9 .fi-reorderable-list-item_inner {
    transition: none;
  }
}

@media (prefers-reduced-motion: reduce) {
  .c9.fi-reorderable-list-item--dragging .fi-reorderable-list-item_inner {
    transform: none;
  }
}

<div
  aria-label="Test list"
  class="c0 fi-reorderable-list c1"
  id="3"
>
  <div
    class="c2 fi-reorderable-list_button-row"
  >
    <span
      aria-live="polite"
      class="c3 c4 fi-visually-hidden"
    />
    <button
      aria-disabled="false"
      aria-pressed="false"
      class="c5 fi-button c6 fi-reorderable-list_edit-button"
      tabindex="0"
      type="button"
    >
      Edit
    </button>
  </div>
  <div
    class="c2 fi-reorderable-list_list"
  >
    <ul
      class="c7 fi-reorderable-list_list-element"
    >
      <li
        class="c8 fi-reorderable-list-item c9 fi-reorderable-list-item--view-mode"
        data-testid="item-1"
        role="listitem"
      >
        <div
          class="c2 fi-reorderable-list-item_inner"
          draggable="false"
        >
          <div
            class="c0 fi-reorderable-list-item_content"
          >
            <div>
              <strong>
                Title
              </strong>
              <p>
                Description text
              </p>
            </div>
          </div>
        </div>
      </li>
      <li
        class="c8 fi-reorderable-list-item c9 fi-reorderable-list-item--view-mode"
        data-testid="item-2"
        role="listitem"
      >
        <div
          class="c2 fi-reorderable-list-item_inner"
          draggable="false"
        >
          <div
            class="c0 fi-reorderable-list-item_content"
          >
            <div>
              Second item content
            </div>
          </div>
        </div>
      </li>
    </ul>
  </div>
  <span
    aria-atomic="true"
    aria-live="assertive"
    class="c3 c4 fi-visually-hidden fi-reorderable-list_live-region"
    role="status"
  />
</div>
`;
