// Jest Snapshot v1, https://goo.gl/fbAQLP

exports[`calling render with the same component on the same container does not remount 1`] = `
.c0 {
  line-height: 1.15;
  -ms-text-size-adjust: 100%;
  -webkit-text-size-adjust: 100%;
  margin: 0;
  padding: 0;
  border: 0;
  box-sizing: border-box;
  font: 100% inherit;
  line-height: 1;
  text-align: left;
  -webkit-text-decoration: none;
  text-decoration: none;
  vertical-align: baseline;
  color: inherit;
  background: none;
  cursor: inherit;
  display: block;
  max-width: 100%;
  word-wrap: normal;
  word-break: normal;
  white-space: normal;
}

.c0::before,
.c0::after {
  box-sizing: border-box;
}

.c1 {
  color: hsl(0,0%,13%);
  -webkit-letter-spacing: 0;
  -moz-letter-spacing: 0;
  -ms-letter-spacing: 0;
  letter-spacing: 0;
  -webkit-text-decoration: none;
  text-decoration: none;
  word-break: break-word;
  overflow-wrap: break-word;
  -webkit-font-smoothing: antialiased;
  font-family: 'Source Sans Pro','Helvetica Neue','Arial',sans-serif;
  font-size: 18px;
  line-height: 1.5;
  font-weight: 400;
  margin: 0;
}

.c1.fi-paragraph--margin-xxs {
  margin-bottom: 5px;
}

.c1.fi-paragraph--margin-xs {
  margin-bottom: 10px;
}

.c1.fi-paragraph--margin-s {
  margin-bottom: 15px;
}

.c1.fi-paragraph--margin-m {
  margin-bottom: 20px;
}

.c1.fi-paragraph--margin-l {
  margin-bottom: 25px;
}

.c1.fi-paragraph--margin-xl {
  margin-bottom: 30px;
}

.c1.fi-paragraph--margin-xxl {
  margin-bottom: 40px;
}

.c1.fi-paragraph--margin-xxxl {
  margin-bottom: 60px;
}

.c1.fi-paragraph--margin-xxxxl {
  margin-bottom: 80px;
}

.c1.fi-paragraph--margin-insetXxs {
  margin-bottom: 2px;
}

.c1.fi-paragraph--margin-insetXs {
  margin-bottom: 4px;
}

.c1.fi-paragraph--margin-insetS {
  margin-bottom: 6px;
}

.c1.fi-paragraph--margin-insetM {
  margin-bottom: 8px;
}

.c1.fi-paragraph--margin-insetL {
  margin-bottom: 10px;
}

.c1.fi-paragraph--margin-insetXl {
  margin-bottom: 16px;
}

.c1.fi-paragraph--margin-insetXxl {
  margin-bottom: 20px;
}

.c2 {
  line-height: 1.15;
  -ms-text-size-adjust: 100%;
  -webkit-text-size-adjust: 100%;
  margin: 0;
  padding: 0;
  border: 0;
  box-sizing: border-box;
  font: 100% inherit;
  line-height: 1;
  text-align: left;
  -webkit-text-decoration: none;
  text-decoration: none;
  vertical-align: baseline;
  color: inherit;
  background: none;
  cursor: inherit;
  display: inline;
  max-width: 100%;
  word-wrap: normal;
  word-break: normal;
  white-space: normal;
}

.c2::before,
.c2::after {
  box-sizing: border-box;
}

.c3 {
  color: hsl(0,0%,13%);
  -webkit-letter-spacing: 0;
  -moz-letter-spacing: 0;
  -ms-letter-spacing: 0;
  letter-spacing: 0;
  -webkit-text-decoration: none;
  text-decoration: none;
  word-break: break-word;
  overflow-wrap: break-word;
  -webkit-font-smoothing: antialiased;
  font-family: 'Source Sans Pro','Helvetica Neue','Arial',sans-serif;
  font-size: 18px;
  line-height: 1.5;
  font-weight: 400;
  color: hsl(0,0%,13%);
}

.c3.fi-text--bold {
  -webkit-letter-spacing: 0;
  -moz-letter-spacing: 0;
  -ms-letter-spacing: 0;
  letter-spacing: 0;
  -webkit-text-decoration: none;
  text-decoration: none;
  word-break: break-word;
  overflow-wrap: break-word;
  -webkit-font-smoothing: antialiased;
  font-family: 'Source Sans Pro','Helvetica Neue','Arial',sans-serif;
  font-size: 18px;
  line-height: 1.5;
  font-weight: 600;
}

.c3.fi-text--lead {
  -webkit-letter-spacing: 0;
  -moz-letter-spacing: 0;
  -ms-letter-spacing: 0;
  letter-spacing: 0;
  -webkit-text-decoration: none;
  text-decoration: none;
  word-break: break-word;
  overflow-wrap: break-word;
  -webkit-font-smoothing: antialiased;
  font-family: 'Source Sans Pro','Helvetica Neue','Arial',sans-serif;
  font-size: 22px;
  line-height: 1.5;
  font-weight: 400;
}

.c3.fi-text--small-screen {
  -webkit-letter-spacing: 0;
  -moz-letter-spacing: 0;
  -ms-letter-spacing: 0;
  letter-spacing: 0;
  -webkit-text-decoration: none;
  text-decoration: none;
  word-break: break-word;
  overflow-wrap: break-word;
  -webkit-font-smoothing: antialiased;
  font-family: 'Source Sans Pro','Helvetica Neue','Arial',sans-serif;
  font-size: 16px;
  line-height: 1.5;
  font-weight: 400;
}

.c3.fi-text--small-screen.fi-text--bold {
  -webkit-letter-spacing: 0;
  -moz-letter-spacing: 0;
  -ms-letter-spacing: 0;
  letter-spacing: 0;
  -webkit-text-decoration: none;
  text-decoration: none;
  word-break: break-word;
  overflow-wrap: break-word;
  -webkit-font-smoothing: antialiased;
  font-family: 'Source Sans Pro','Helvetica Neue','Arial',sans-serif;
  font-size: 16px;
  line-height: 1.5;
  font-weight: 600;
}

.c3.fi-text--small-screen.fi-text--lead {
  -webkit-letter-spacing: 0;
  -moz-letter-spacing: 0;
  -ms-letter-spacing: 0;
  letter-spacing: 0;
  -webkit-text-decoration: none;
  text-decoration: none;
  word-break: break-word;
  overflow-wrap: break-word;
  -webkit-font-smoothing: antialiased;
  font-family: 'Source Sans Pro','Helvetica Neue','Arial',sans-serif;
  font-size: 20px;
  line-height: 1.5;
  font-weight: 400;
}

<div
  data-testid="test-text"
>
  <p
    class="c0 fi-paragraph c1"
  >
    Paragraph text
  </p>
  <p
    class="c0 fi-paragraph c1 fi-paragraph--margin-s"
  >
    <span
      class="c2 fi-text c3 fi-text--lead"
    >
      Leading text
    </span>
  </p>
  <p
    class="c0 fi-paragraph c1"
  >
    <span
      class="c2 fi-text c3 fi-text--body"
    >
      Body text
    </span>
    <span
      class="c2 fi-text c3 fi-text--bold"
    >
      Bold text
    </span>
  </p>
  <p
    class="c0 fi-paragraph c1"
  >
    <span
      class="c2 fi-text c3 fi-text--body fi-text--small-screen"
    >
      Body text
    </span>
    <span
      class="c2 fi-text c3 fi-text--bold fi-text--small-screen"
    >
      Bold text
    </span>
  </p>
</div>
`;
