// Jest Snapshot v1, https://goo.gl/fbAQLP

exports[`snapshot should match snapshot 1`] = `
.c2 {
  line-height: 1.15;
  -ms-text-size-adjust: 100%;
  -webkit-text-size-adjust: 100%;
  margin: 0;
  padding: 0;
  border: 0;
  box-sizing: border-box;
  font: 100% inherit;
  line-height: 1;
  text-align: left;
  -webkit-text-decoration: none;
  text-decoration: none;
  vertical-align: baseline;
  color: inherit;
  background: none;
  cursor: inherit;
  display: block;
  max-width: 100%;
  word-wrap: normal;
  word-break: normal;
  white-space: normal;
}

.c2::before,
.c2::after {
  box-sizing: border-box;
}

.c0 {
  line-height: 1.15;
  -ms-text-size-adjust: 100%;
  -webkit-text-size-adjust: 100%;
  margin: 0;
  padding: 0;
  border: 0;
  box-sizing: border-box;
  font: 100% inherit;
  line-height: 1;
  text-align: left;
  -webkit-text-decoration: none;
  text-decoration: none;
  vertical-align: baseline;
  color: inherit;
  background: none;
  cursor: inherit;
  display: block;
  max-width: 100%;
  word-wrap: normal;
  word-break: normal;
  white-space: normal;
}

.c0::before,
.c0::after {
  box-sizing: border-box;
}

.c1 {
  color: hsl(0,0%,16%);
  -webkit-letter-spacing: 0;
  -moz-letter-spacing: 0;
  -ms-letter-spacing: 0;
  letter-spacing: 0;
  -webkit-text-decoration: none;
  text-decoration: none;
  word-break: break-word;
  overflow-wrap: break-word;
  -webkit-font-smoothing: antialiased;
  font-family: 'Source Sans Pro','Helvetica Neue','Arial',sans-serif;
  font-size: 16px;
  line-height: 1.5;
  font-weight: 400;
}

.c1.fi-loadingSpinner {
  display: block;
  text-align: center;
}

.c1.fi-loadingSpinner svg {
  display: inline-block;
  width: 40px;
  height: 40px;
}

.c1.fi-loadingSpinner .fi-loadingSpinner-label {
  font-size: 18px;
  font-weight: 600;
  text-align: center;
  margin-top: 6px;
}

.c1.fi-loadingSpinner.fi-loadingSpinner-labelAlign-right {
  display: -webkit-box;
  display: -webkit-flex;
  display: -ms-flexbox;
  display: flex;
  -webkit-align-items: center;
  -webkit-box-align: center;
  -ms-flex-align: center;
  align-items: center;
}

.c1.fi-loadingSpinner.fi-loadingSpinner-labelAlign-right .fi-loadingSpinner-label {
  margin-left: 10px;
  margin-top: 0;
  line-height: 1.3em;
}

.c1.fi-loadingSpinner.fi-loadingSpinner-size-small svg {
  width: 24px;
  height: 24px;
}

.c1.fi-loadingSpinner.fi-loadingSpinner-size-small .fi-loadingSpinner-label {
  font-size: 16px;
  font-weight: normal;
  margin-top: 0;
}

.c1.fi-loadingSpinner.fi-loadingSpinner-status-loading svg {
  -webkit-animation: rotation 1.5s infinite linear;
  animation: rotation 1.5s infinite linear;
}

.c1.fi-loadingSpinner.fi-loadingSpinner-status-success svg path {
  fill: hsl(166,90%,34%);
}

.c1.fi-loadingSpinner.fi-loadingSpinner-status-fail svg path {
  fill: hsl(3,59%,48%);
}

@media (prefers-reduced-motion) {
  .c1.fi-loadingSpinner.fi-loadingSpinner-status-loading svg {
    -webkit-animation: rotation 10s infinite linear;
    animation: rotation 10s infinite linear;
  }
}

<div>
  <section
    class="c0 fi-loadingSpinner c1 fi-loadingSpinner-labelAlign-bottom fi-loadingSpinner-size-normal fi-loadingSpinner-status-loading"
  >
    <svg
      aria-hidden="true"
      version="1.1"
      viewBox="0 0 40 40"
    >
      <g
        fill="none"
        fill-rule="evenodd"
        stroke="none"
        stroke-width="1"
      >
        <path
          d="M20,0 L20,3 C10.6111593,3 3,10.6111593 3,20 C3,29.3888407 10.6111593,37 20,37 
              C29.280923,37 36.824796,29.5628044 36.9969921,20.3230397 L37,20 L40,20 C40,31.045695 
              31.045695,40 20,40 C8.954305,40 0,31.045695 0,20 C0,9.06936433 8.76872859,0.186774951 
              19.6555106,0.00290705581 L20,0 Z"
          fill="#00347A"
          fill-rule="nonzero"
          id="Path"
        />
      </g>
    </svg>
    <div
      class="c2 fi-loadingSpinner-label"
    >
      Loading data
    </div>
  </section>
</div>
`;
