// Jest Snapshot v1, https://goo.gl/fbAQLP

exports[`snapshot matches 1`] = `
.c0 {
  line-height: 1.15;
  -ms-text-size-adjust: 100%;
  -webkit-text-size-adjust: 100%;
  margin: 0;
  padding: 0;
  border: 0;
  box-sizing: border-box;
  font: 100% inherit;
  line-height: 1;
  text-align: left;
  -webkit-text-decoration: none;
  text-decoration: none;
  vertical-align: baseline;
  color: inherit;
  background: none;
  cursor: inherit;
  display: block;
  max-width: 100%;
  word-wrap: normal;
  word-break: normal;
  white-space: normal;
}

.c4 {
  line-height: 1.15;
  -ms-text-size-adjust: 100%;
  -webkit-text-size-adjust: 100%;
  margin: 0;
  overflow: visible;
  margin: 0;
  padding: 0;
  border: 0;
  box-sizing: border-box;
  font: 100% inherit;
  line-height: 1;
  text-align: left;
  -webkit-text-decoration: none;
  text-decoration: none;
  vertical-align: baseline;
  color: inherit;
  background: none;
  cursor: inherit;
  display: inline-block;
  max-width: 100%;
}

.c4::-webkit-input-placeholder {
  color: inherit;
  opacity: 0.54;
}

.c3 {
  line-height: 1.15;
  -ms-text-size-adjust: 100%;
  -webkit-text-size-adjust: 100%;
  margin: 0;
  padding: 0;
  border: 0;
  box-sizing: border-box;
  font: 100% inherit;
  line-height: 1;
  text-align: left;
  -webkit-text-decoration: none;
  text-decoration: none;
  vertical-align: baseline;
  color: inherit;
  background: none;
  cursor: inherit;
  display: inline;
  max-width: 100%;
  word-wrap: normal;
  word-break: normal;
  white-space: normal;
}

.c2.fi-label-text .fi-label-text_label-span {
  -webkit-letter-spacing: 0;
  -moz-letter-spacing: 0;
  -ms-letter-spacing: 0;
  letter-spacing: 0;
  -webkit-text-decoration: none;
  text-decoration: none;
  word-break: break-word;
  overflow-wrap: break-word;
  -webkit-font-smoothing: antialiased;
  font-family: 'Source Sans Pro','Helvetica Neue','Arial',sans-serif;
  font-size: 16px;
  line-height: 1.5;
  font-weight: 600;
  display: block;
  margin-bottom: 10px;
  color: hsl(0,0%,16%);
}

.c2.fi-label-text .fi-label-text_label-span .fi-label-text_optionalText {
  font-family: 'Source Sans Pro','Helvetica Neue','Arial',sans-serif;
  font-size: 16px;
  line-height: 1.5;
  font-weight: 400;
}

.c1 .fi-filter-input {
  -webkit-letter-spacing: 0;
  -moz-letter-spacing: 0;
  -ms-letter-spacing: 0;
  letter-spacing: 0;
  -webkit-text-decoration: none;
  text-decoration: none;
  word-break: break-word;
  overflow-wrap: break-word;
  -webkit-font-smoothing: antialiased;
  font-family: 'Source Sans Pro','Helvetica Neue','Arial',sans-serif;
  font-size: 18px;
  line-height: 1.5;
  font-weight: 400;
  display: inline-block;
  width: 100%;
}

.c1 .fi-filter-input_input-element-container > input:focus {
  outline-color: hsl(196,77%,44%);
  outline-width: 2px;
  outline-offset: 2px;
  outline-style: solid;
}

.c1 .fi-filter-input_input-element-container:focus-within > input:focus {
  outline: none;
}

.c1 .fi-filter-input_input-element-container:focus-within {
  position: relative;
}

.c1 .fi-filter-input_input-element-container:focus-within::after {
  content: '';
  position: absolute;
  pointer-events: none;
  top: -2px;
  right: -2px;
  bottom: -2px;
  left: -2px;
  border-radius: 2px;
  background-color: transparent;
  border: 0px solid hsl(0,0%,100%);
  box-sizing: border-box;
  box-shadow: 0 0 0 2px hsl(196,77%,44%);
  z-index: 9999;
}

.c1 .fi-filter-input_input {
  color: hsl(0,0%,16%);
  -webkit-letter-spacing: 0;
  -moz-letter-spacing: 0;
  -ms-letter-spacing: 0;
  letter-spacing: 0;
  -webkit-text-decoration: none;
  text-decoration: none;
  word-break: break-word;
  overflow-wrap: break-word;
  -webkit-font-smoothing: antialiased;
  font-family: 'Source Sans Pro','Helvetica Neue','Arial',sans-serif;
  font-size: 16px;
  line-height: 1.5;
  font-weight: 400;
  min-width: 245px;
  max-width: 100%;
  padding: 8px 16px;
  border: 1px solid hsl(202,7%,80%);
  border-radius: 2px;
  line-height: 1;
  background-color: hsl(0,0%,100%);
  min-width: 40px;
  width: 100%;
  min-height: 40px;
  padding-left: 10px;
  border-color: hsl(201,7%,58%);
}

.c1 .fi-filter-input_input::-webkit-input-placeholder {
  font-style: italic;
  color: hsl(201,7%,46%);
  opacity: 1;
}

.c1 .fi-filter-input_input::-moz-placeholder {
  font-style: italic;
  color: hsl(201,7%,46%);
  opacity: 1;
}

.c1 .fi-filter-input_input:-ms-input-placeholder {
  font-style: italic;
  color: hsl(201,7%,46%);
  opacity: 1;
}

.c1 .fi-filter-input_input::placeholder {
  font-style: italic;
  color: hsl(201,7%,46%);
  opacity: 1;
}

.c1.fi-filter-input--disabled .fi-text-input_input {
  color: hsl(202,7%,67%);
  background-color: hsl(202,7%,97%);
}

<div
  class="c0 fi-filter-input c1"
>
  <label
    class="c0 c2 fi-label-text"
    for="1"
  >
    <span
      class="c3 fi-label-text_label-span"
    >
      Label
    </span>
  </label>
  <div
    class="c0 fi-filter-input_input-element-container"
  >
    <input
      aria-autocomplete="list"
      auto-capitalize="false"
      autocomplete="off"
      class="c4 fi-filter-input_input"
      id="1"
      spellcheck="false"
      type="text"
    />
  </div>
</div>
`;
