// Jest Snapshot v1, https://goo.gl/fbAQLP

exports[`Basic dropdown should match snapshot 1`] = `
<div>
  <span
    class="sc-AxjAm iLdZYh sc-fzplWN caKHsX dropdown-test fi-dropdown"
    data-testid="dropdown-test-id"
    id="test-id"
  >
    <label
      class="sc-AxheI bkuqrK fi-dropdown_label"
      id="test-id-label"
    >
      <p
        class="sc-fzoLsD fGoDSi fi-paragraph fi-dropdown_label-p"
      >
        Dropdown test
      </p>
    </label>
    <button
      aria-controls="menu--1"
      aria-haspopup="true"
      aria-labelledby="test-id-label"
      class="fi-dropdown_button"
      data-reach-menu-button=""
      id="menu-button--menu--1"
      type="button"
    >
      Dropdown
    </button>
  </span>
</div>
`;

exports[`Dropdown with hidden label should have visually hidden label 1`] = `<div />`;

exports[`additional label using aria-labelledby prop should attach provided label-id 1`] = `<div />`;
