// Jest Snapshot v1, https://goo.gl/fbAQLP

exports[`calling render with the same component on the same container does not remount 1`] = `
.c1 {
  line-height: 1.15;
  -ms-text-size-adjust: 100%;
  -webkit-text-size-adjust: 100%;
  margin: 0;
  padding: 0;
  border: 0;
  box-sizing: border-box;
  font: 100% inherit;
  line-height: 1;
  text-align: left;
  -webkit-text-decoration: none;
  text-decoration: none;
  vertical-align: baseline;
  color: inherit;
  background: none;
  cursor: inherit;
  display: block;
  max-width: 100%;
  word-wrap: normal;
  word-break: normal;
  white-space: normal;
}

.c0 {
  color: hsl(0,0%,16%);
  -webkit-letter-spacing: 0;
  -moz-letter-spacing: 0;
  -ms-letter-spacing: 0;
  letter-spacing: 0;
  -webkit-text-decoration: none;
  text-decoration: none;
  word-break: break-word;
  overflow-wrap: break-word;
  -webkit-font-smoothing: antialiased;
  font-family: 'Source Sans Pro','Helvetica Neue',Arial,sans-serif;
  font-size: 18px;
  line-height: 1.5;
  font-weight: 400;
}

.c0.fi-block--margin-xxs {
  margin: 2px;
}

.c0.fi-block--margin-xs {
  margin: 4px;
}

.c0.fi-block--margin-s {
  margin: 8px;
}

.c0.fi-block--margin-m {
  margin: 16px;
}

.c0.fi-block--margin-l {
  margin: 32px;
}

.c0.fi-block--margin-xl {
  margin: 64px;
}

.c0.fi-block--padding-xxs {
  padding: 2px;
}

.c0.fi-block--padding-xs {
  padding: 4px;
}

.c0.fi-block--padding-s {
  padding: 8px;
}

.c0.fi-block--padding-m {
  padding: 16px;
}

.c0.fi-block--padding-l {
  padding: 32px;
}

.c0.fi-block--padding-xl {
  padding: 64px;
}

<div
  data-testid="test-block"
>
  <div
    class="fi-block c0 c1"
  >
    Hey this is test
  </div>
  <div
    class="fi-block c0 fi-block--padding-xl c1"
  >
    Hey this is test lead
  </div>
  <section
    class="fi-block c0 fi-block--section"
  >
    Hey this is test bold
  </section>
</div>
`;
